2026-10-04T10:00:00.000Z heartbeat ok worker 1 embedding done
2026-10-04T10:00:05.000Z heartbeat ok worker 2 embedding done
2026-10-04T10:00:10.000Z heartbeat ok worker 3 embedding done
2026-10-04T10:00:15.000Z heartbeat ok worker 4 embedding done
2026-10-04T10:00:20.000Z heartbeat ok worker 5 embedding done
2026-10-04T10:00:25.000Z heartbeat ok worker 6 embedding done
2026-10-04T10:00:30.000Z heartbeat ok worker 7 embedding done
2026-10-04T10:00:35.000Z heartbeat ok worker 8 embedding done
2026-10-04T10:00:40.000Z heartbeat ok worker 9 embedding done
2026-10-04T10:00:45.000Z heartbeat ok worker 10 embedding done
2026-10-04T10:02:00.000Z cache miss on board feed
2026-10-04T10:02:01.000Z retry backoff raised for feed fetch
2026-10-04T10:02:05.000Z queue depth back to normal
2026-10-04T10:02:07.000Z digest draft rendered for review
2026-10-04T10:02:14.000Z matcher weights reloaded from disk
2026-10-04T10:02:17.000Z guard audit passed with no findings
2026-10-04T10:02:26.000Z tracker reminder written for owner
2026-10-04T10:02:28.000Z cover draft kept awaiting approval
2026-10-04T10:02:33.000Z fetch pacing paused between boards
2026-10-04T10:02:35.000Z profile fields validated present
2026-10-04T10:02:41.000Z kit check summary printed ready
2026-10-04T10:02:42.000Z handoff line appended by lead
2026-10-04T10:02:48.000Z digest waiting block refreshed
2026-10-04T10:02:53.000Z match reasons attached per row
2026-10-04T10:05:02.000Z GET /inbox from client
2026-10-04T10:05:21.000Z GET /inbox from client
2026-10-04T10:05:44.000Z GET /inbox from client
2026-10-04T10:07:05.000Z GET /inbox from client
2026-10-04T10:07:33.000Z GET /inbox from client
2026-10-04T10:07:58.000Z GET /inbox from client
2026-10-04T10:10:00.000Z 403 forbidden for session
2026-10-04T10:10:07.000Z 403 forbidden for session
2026-10-04T10:10:19.000Z 403 forbidden for session
2026-10-04T10:10:33.000Z 403 forbidden for session
2026-10-04T10:10:50.000Z 403 forbidden for session
2026-10-04T10:13:00.000Z GET /user/101/profile
2026-10-04T10:13:03.000Z GET /user/102/profile
2026-10-04T10:13:07.000Z GET /user/103/profile
2026-10-04T10:13:12.000Z GET /user/104/profile
2026-10-04T10:13:18.000Z GET /user/105/profile
2026-10-04T10:13:25.000Z GET /user/106/profile
2026-10-04T10:13:31.000Z GET /user/107/profile
2026-10-04T10:13:38.000Z GET /user/108/profile
2026-10-04T10:13:51.000Z GET /user/109/profile
